---
source: tests/lexer_golden.rs
expression: comments
---
- line: 1
  end_line: 1
  kind: line
  marker: "#"
  own_line: true
  indent: ""
  raw: "# 2026-09-24: dated"
  text: "2026-09-24: dated"
- line: 2
  end_line: 4
  kind: block
  marker: "=begin"
  own_line: true
  indent: ""
  raw: "=begin\nblock comment\n=end"
  text: block comment
- line: 5
  end_line: 5
  kind: line
  marker: "#"
  own_line: false
  indent: ""
  raw: "# trailing"
  text: trailing
